// Jest Snapshot v1, https://goo.gl/fbAQLP

exports[`<ProductActionBar /> renders the component as expected 1`] = `
ShallowWrapper {
  "length": 1,
  Symbol(enzyme.__root__): [Circular],
  Symbol(enzyme.__unrendered__): <ProductActionBar
    actions={
      Object {
        "checkProductAvailability": [Function],
      }
    }
    product={
      Object {
        "productCategory": "Vegetable",
        "productDescription": "Some vegetables",
        "productImageUri": "https://firebasestorage.googleapis.com/v0/b/marketsense-b09f8.appspot.com/o/products%2Fp0.png?alt=media&token=c305d51d-1b8b-4fbb-bd10-0c03a5c5805d",
        "productOwner": "Marlon John Ynion",
        "productPrice": 5,
        "productRating": 5,
        "productTitle": "Carrots",
      }
    }
  />,
  Symbol(enzyme.__renderer__): Object {
    "batchedUpdates": [Function],
    "getNode": [Function],
    "render": [Function],
    "simulateEvent": [Function],
    "unmount": [Function],
  },
  Symbol(enzyme.__node__): Object {
    "instance": null,
    "key": undefined,
    "nodeType": "class",
    "props": Object {
      "children": <GridNB>
        <ColumnNB
          style={
            Object {
              "flex": 0.6,
            }
          }
        >
          <ProductPrice
            price={5}
          />
          <Text
            accessible={true}
            allowFontScaling={true}
            ellipsizeMode="tail"
          >
            Free Delivery
          </Text>
        </ColumnNB>
        <ColumnNB
          style={
            Object {
              "flex": 0.6,
            }
          }
        >
          <ActionButton
            onPressAction={[Function]}
            text="CHECK AVAILABILITY"
          />
        </ColumnNB>
      </GridNB>,
      "style": Object {
        "backgroundColor": "#fff",
        "borderColor": "black",
        "borderTopWidth": 0.3,
        "height": 75,
        "marginTop": 20,
        "paddingLeft": 20,
        "paddingRight": 20,
        "paddingTop": 15,
      },
    },
    "ref": null,
    "rendered": Object {
      "instance": null,
      "key": undefined,
      "nodeType": "class",
      "props": Object {
        "children": Array [
          <ColumnNB
            style={
              Object {
                "flex": 0.6,
              }
            }
          >
            <ProductPrice
              price={5}
            />
            <Text
              accessible={true}
              allowFontScaling={true}
              ellipsizeMode="tail"
            >
              Free Delivery
            </Text>
          </ColumnNB>,
          <ColumnNB
            style={
              Object {
                "flex": 0.6,
              }
            }
          >
            <ActionButton
              onPressAction={[Function]}
              text="CHECK AVAILABILITY"
            />
          </ColumnNB>,
        ],
      },
      "ref": null,
      "rendered": Array [
        Object {
          "instance": null,
          "key": undefined,
          "nodeType": "class",
          "props": Object {
            "children": Array [
              <ProductPrice
                price={5}
              />,
              <Text
                accessible={true}
                allowFontScaling={true}
                ellipsizeMode="tail"
              >
                Free Delivery
              </Text>,
            ],
            "style": Object {
              "flex": 0.6,
            },
          },
          "ref": null,
          "rendered": Array [
            Object {
              "instance": null,
              "key": undefined,
              "nodeType": "function",
              "props": Object {
                "price": 5,
              },
              "ref": null,
              "rendered": null,
              "type": [Function],
            },
            Object {
              "instance": null,
              "key": undefined,
              "nodeType": "class",
              "props": Object {
                "accessible": true,
                "allowFontScaling": true,
                "children": "Free Delivery",
                "ellipsizeMode": "tail",
              },
              "ref": null,
              "rendered": "Free Delivery",
              "type": [Function],
            },
          ],
          "type": [Function],
        },
        Object {
          "instance": null,
          "key": undefined,
          "nodeType": "class",
          "props": Object {
            "children": <ActionButton
              onPressAction={[Function]}
              text="CHECK AVAILABILITY"
            />,
            "style": Object {
              "flex": 0.6,
            },
          },
          "ref": null,
          "rendered": Object {
            "instance": null,
            "key": undefined,
            "nodeType": "function",
            "props": Object {
              "onPressAction": [Function],
              "text": "CHECK AVAILABILITY",
            },
            "ref": null,
            "rendered": null,
            "type": [Function],
          },
          "type": [Function],
        },
      ],
      "type": [Function],
    },
    "type": [Function],
  },
  Symbol(enzyme.__nodes__): Array [
    Object {
      "instance": null,
      "key": undefined,
      "nodeType": "class",
      "props": Object {
        "children": <GridNB>
          <ColumnNB
            style={
              Object {
                "flex": 0.6,
              }
            }
          >
            <ProductPrice
              price={5}
            />
            <Text
              accessible={true}
              allowFontScaling={true}
              ellipsizeMode="tail"
            >
              Free Delivery
            </Text>
          </ColumnNB>
          <ColumnNB
            style={
              Object {
                "flex": 0.6,
              }
            }
          >
            <ActionButton
              onPressAction={[Function]}
              text="CHECK AVAILABILITY"
            />
          </ColumnNB>
        </GridNB>,
        "style": Object {
          "backgroundColor": "#fff",
          "borderColor": "black",
          "borderTopWidth": 0.3,
          "height": 75,
          "marginTop": 20,
          "paddingLeft": 20,
          "paddingRight": 20,
          "paddingTop": 15,
        },
      },
      "ref": null,
      "rendered": Object {
        "instance": null,
        "key": undefined,
        "nodeType": "class",
        "props": Object {
          "children": Array [
            <ColumnNB
              style={
                Object {
                  "flex": 0.6,
                }
              }
            >
              <ProductPrice
                price={5}
              />
              <Text
                accessible={true}
                allowFontScaling={true}
                ellipsizeMode="tail"
              >
                Free Delivery
              </Text>
            </ColumnNB>,
            <ColumnNB
              style={
                Object {
                  "flex": 0.6,
                }
              }
            >
              <ActionButton
                onPressAction={[Function]}
                text="CHECK AVAILABILITY"
              />
            </ColumnNB>,
          ],
        },
        "ref": null,
        "rendered": Array [
          Object {
            "instance": null,
            "key": undefined,
            "nodeType": "class",
            "props": Object {
              "children": Array [
                <ProductPrice
                  price={5}
                />,
                <Text
                  accessible={true}
                  allowFontScaling={true}
                  ellipsizeMode="tail"
                >
                  Free Delivery
                </Text>,
              ],
              "style": Object {
                "flex": 0.6,
              },
            },
            "ref": null,
            "rendered": Array [
              Object {
                "instance": null,
                "key": undefined,
                "nodeType": "function",
                "props": Object {
                  "price": 5,
                },
                "ref": null,
                "rendered": null,
                "type": [Function],
              },
              Object {
                "instance": null,
                "key": undefined,
                "nodeType": "class",
                "props": Object {
                  "accessible": true,
                  "allowFontScaling": true,
                  "children": "Free Delivery",
                  "ellipsizeMode": "tail",
                },
                "ref": null,
                "rendered": "Free Delivery",
                "type": [Function],
              },
            ],
            "type": [Function],
          },
          Object {
            "instance": null,
            "key": undefined,
            "nodeType": "class",
            "props": Object {
              "children": <ActionButton
                onPressAction={[Function]}
                text="CHECK AVAILABILITY"
              />,
              "style": Object {
                "flex": 0.6,
              },
            },
            "ref": null,
            "rendered": Object {
              "instance": null,
              "key": undefined,
              "nodeType": "function",
              "props": Object {
                "onPressAction": [Function],
                "text": "CHECK AVAILABILITY",
              },
              "ref": null,
              "rendered": null,
              "type": [Function],
            },
            "type": [Function],
          },
        ],
        "type": [Function],
      },
      "type": [Function],
    },
  ],
  Symbol(enzyme.__options__): Object {
    "adapter": ReactSixteenAdapter {
      "options": Object {
        "enableComponentDidUpdateOnSetState": true,
      },
    },
  },
}
`;
