// Jest Snapshot v1, https://goo.gl/fbAQLP

exports[`<ProductsListView /> renders the smart component as expected 1`] = `
ShallowWrapper {
  "length": 1,
  Symbol(enzyme.__root__): [Circular],
  Symbol(enzyme.__unrendered__): <Connect(ProductListView)
    store={
      Object {
        "clearActions": [Function],
        "dispatch": [Function],
        "getActions": [Function],
        "getState": [Function],
        "replaceReducer": [Function],
        "subscribe": [Function],
      }
    }
  />,
  Symbol(enzyme.__renderer__): Object {
    "batchedUpdates": [Function],
    "getNode": [Function],
    "render": [Function],
    "simulateEvent": [Function],
    "unmount": [Function],
  },
  Symbol(enzyme.__node__): Object {
    "instance": null,
    "key": undefined,
    "nodeType": "function",
    "props": Object {
      "dispatch": [Function],
      "products": Array [
        Object {
          "productDescription": "Perfect accompaniment for mains and sandwiches. Ideal edible bed for roasted...",
          "productImageUri": "https://firebasestorage.googleapis.com/v0/b/marketsense-b09f8.appspot.com/o/products%2Fp3.png?alt=media&token=7fd95509-ea2b-4188-b85e-218609d5ee26",
          "productLocation": "OTON, ILOILO",
          "productPrice": "₱1500 / 10 kg",
          "productTitle": "Carrots",
        },
        Object {
          "productDescription": "Pure organic chicken made in Leon's finest poultry laboratories...",
          "productImageUri": "https://firebasestorage.googleapis.com/v0/b/marketsense-b09f8.appspot.com/o/products%2Fp4.png?alt=media&token=a26df185-c60c-4a5f-a7d8-4a0d331ccf2a",
          "productLocation": "LEON, ILOILO",
          "productPrice": "₱1000 / 10 kg",
          "productTitle": "Organic Chicken Thighs and Legs",
        },
      ],
      "store": Object {
        "clearActions": [Function],
        "dispatch": [Function],
        "getActions": [Function],
        "getState": [Function],
        "replaceReducer": [Function],
        "subscribe": [Function],
      },
      "storeSubscription": Subscription {
        "listeners": Object {
          "clear": [Function],
          "get": [Function],
          "notify": [Function],
          "subscribe": [Function],
        },
        "onStateChange": [Function],
        "parentSub": undefined,
        "store": Object {
          "clearActions": [Function],
          "dispatch": [Function],
          "getActions": [Function],
          "getState": [Function],
          "replaceReducer": [Function],
          "subscribe": [Function],
        },
        "unsubscribe": [Function],
      },
    },
    "ref": null,
    "rendered": null,
    "type": [Function],
  },
  Symbol(enzyme.__nodes__): Array [
    Object {
      "instance": null,
      "key": undefined,
      "nodeType": "function",
      "props": Object {
        "dispatch": [Function],
        "products": Array [
          Object {
            "productDescription": "Perfect accompaniment for mains and sandwiches. Ideal edible bed for roasted...",
            "productImageUri": "https://firebasestorage.googleapis.com/v0/b/marketsense-b09f8.appspot.com/o/products%2Fp3.png?alt=media&token=7fd95509-ea2b-4188-b85e-218609d5ee26",
            "productLocation": "OTON, ILOILO",
            "productPrice": "₱1500 / 10 kg",
            "productTitle": "Carrots",
          },
          Object {
            "productDescription": "Pure organic chicken made in Leon's finest poultry laboratories...",
            "productImageUri": "https://firebasestorage.googleapis.com/v0/b/marketsense-b09f8.appspot.com/o/products%2Fp4.png?alt=media&token=a26df185-c60c-4a5f-a7d8-4a0d331ccf2a",
            "productLocation": "LEON, ILOILO",
            "productPrice": "₱1000 / 10 kg",
            "productTitle": "Organic Chicken Thighs and Legs",
          },
        ],
        "store": Object {
          "clearActions": [Function],
          "dispatch": [Function],
          "getActions": [Function],
          "getState": [Function],
          "replaceReducer": [Function],
          "subscribe": [Function],
        },
        "storeSubscription": Subscription {
          "listeners": Object {
            "clear": [Function],
            "get": [Function],
            "notify": [Function],
            "subscribe": [Function],
          },
          "onStateChange": [Function],
          "parentSub": undefined,
          "store": Object {
            "clearActions": [Function],
            "dispatch": [Function],
            "getActions": [Function],
            "getState": [Function],
            "replaceReducer": [Function],
            "subscribe": [Function],
          },
          "unsubscribe": [Function],
        },
      },
      "ref": null,
      "rendered": null,
      "type": [Function],
    },
  ],
  Symbol(enzyme.__options__): Object {
    "adapter": ReactSixteenAdapter {
      "options": Object {
        "enableComponentDidUpdateOnSetState": true,
      },
    },
  },
}
`;
