// Jest Snapshot v1, https://goo.gl/fbAQLP

exports[`<ProductView /> renders as expected 1`] = `
ShallowWrapper {
  "length": 1,
  Symbol(enzyme.__root__): [Circular],
  Symbol(enzyme.__unrendered__): <ProductView
    product={
      Object {
        "productCategory": "Vegetable",
        "productDescription": "Some vegetables",
        "productOwner": "Marlon John Ynion",
        "productPrice": 5,
        "productRating": 5,
        "productTitle": "Carrots",
        "uri": "https://firebasestorage.googleapis.com/v0/b/marketsense-b09f8.appspot.com/o/products%2Fp0.png?alt=media&token=c305d51d-1b8b-4fbb-bd10-0c03a5c5805d",
      }
    }
  />,
  Symbol(enzyme.__renderer__): Object {
    "batchedUpdates": [Function],
    "getNode": [Function],
    "render": [Function],
    "simulateEvent": [Function],
    "unmount": [Function],
  },
  Symbol(enzyme.__node__): Object {
    "instance": null,
    "key": undefined,
    "nodeType": "class",
    "props": Object {
      "children": Array [
        <Image
          source={
            Object {
              "uri": undefined,
            }
          }
          style={
            Object {
              "height": 250,
              "width": null,
            }
          }
        />,
        <Styled(Content)
          style={
            Object {
              "marginLeft": 20,
              "marginRight": 20,
              "paddingTop": 10,
            }
          }
          virtual={undefined}
        >
          <Text
            accessible={true}
            allowFontScaling={true}
            ellipsizeMode="tail"
            style={
              Object {
                "color": "#424242",
                "fontSize": 16,
                "fontWeight": "bold",
                "marginTop": 5,
              }
            }
          >
            Vegetable
          </Text>
          <Text
            accessible={true}
            allowFontScaling={true}
            ellipsizeMode="tail"
            style={
              Object {
                "color": "#424242",
                "fontSize": 30,
                "fontWeight": "bold",
                "marginTop": 0,
              }
            }
          >
            Carrots
          </Text>
          <GridNB
            style={
              Object {
                "marginBottom": 20,
                "marginTop": 20,
              }
            }
          >
            <ColumnNB
              style={
                Object {
                  "flex": 0.1,
                  "height": 100,
                  "paddingTop": 19,
                }
              }
            >
              <Styled(Icon)
                name="person"
                style={
                  Object {
                    "fontSize": 40,
                  }
                }
                virtual={undefined}
              />
            </ColumnNB>
            <ColumnNB
              style={
                Object {
                  "flex": 0.8,
                  "height": 100,
                  "marginLeft": 10,
                  "paddingTop": 20,
                }
              }
            >
              <Text
                accessible={true}
                allowFontScaling={true}
                ellipsizeMode="tail"
                style={
                  Object {
                    "fontSize": 16,
                    "fontWeight": "300",
                  }
                }
              >
                Marlon John Ynion
              </Text>
              <Text
                accessible={true}
                allowFontScaling={true}
                ellipsizeMode="tail"
                style={
                  Object {
                    "fontSize": 15,
                    "fontWeight": "300",
                    "marginTop": 3,
                  }
                }
              />
            </ColumnNB>
            <ColumnNB
              style={
                Object {
                  "flex": 0.3,
                  "height": 100,
                }
              }
            >
              <Styled(Thumbnail)
                large={true}
                source={
                  Object {
                    "uri": undefined,
                  }
                }
                virtual={undefined}
              />
            </ColumnNB>
          </GridNB>
          <Text
            accessible={true}
            allowFontScaling={true}
            ellipsizeMode="tail"
            numberOfLines={7}
            style={
              Object {
                "fontSize": 18,
                "fontWeight": "200",
                "lineHeight": 25,
                "marginTop": 7,
              }
            }
          >
            Some vegetables
          </Text>
        </Styled(Content)>,
        <ProductActionBar
          product={
            Object {
              "productCategory": "Vegetable",
              "productDescription": "Some vegetables",
              "productOwner": "Marlon John Ynion",
              "productPrice": 5,
              "productRating": 5,
              "productTitle": "Carrots",
              "uri": "https://firebasestorage.googleapis.com/v0/b/marketsense-b09f8.appspot.com/o/products%2Fp0.png?alt=media&token=c305d51d-1b8b-4fbb-bd10-0c03a5c5805d",
            }
          }
        />,
      ],
      "virtual": undefined,
    },
    "ref": null,
    "rendered": Array [
      Object {
        "instance": null,
        "key": undefined,
        "nodeType": "class",
        "props": Object {
          "source": Object {
            "uri": undefined,
          },
          "style": Object {
            "height": 250,
            "width": null,
          },
        },
        "ref": null,
        "rendered": null,
        "type": [Function],
      },
      Object {
        "instance": null,
        "key": undefined,
        "nodeType": "class",
        "props": Object {
          "children": Array [
            <Text
              accessible={true}
              allowFontScaling={true}
              ellipsizeMode="tail"
              style={
                Object {
                  "color": "#424242",
                  "fontSize": 16,
                  "fontWeight": "bold",
                  "marginTop": 5,
                }
              }
            >
              Vegetable
            </Text>,
            <Text
              accessible={true}
              allowFontScaling={true}
              ellipsizeMode="tail"
              style={
                Object {
                  "color": "#424242",
                  "fontSize": 30,
                  "fontWeight": "bold",
                  "marginTop": 0,
                }
              }
            >
              Carrots
            </Text>,
            <GridNB
              style={
                Object {
                  "marginBottom": 20,
                  "marginTop": 20,
                }
              }
            >
              <ColumnNB
                style={
                  Object {
                    "flex": 0.1,
                    "height": 100,
                    "paddingTop": 19,
                  }
                }
              >
                <Styled(Icon)
                  name="person"
                  style={
                    Object {
                      "fontSize": 40,
                    }
                  }
                  virtual={undefined}
                />
              </ColumnNB>
              <ColumnNB
                style={
                  Object {
                    "flex": 0.8,
                    "height": 100,
                    "marginLeft": 10,
                    "paddingTop": 20,
                  }
                }
              >
                <Text
                  accessible={true}
                  allowFontScaling={true}
                  ellipsizeMode="tail"
                  style={
                    Object {
                      "fontSize": 16,
                      "fontWeight": "300",
                    }
                  }
                >
                  Marlon John Ynion
                </Text>
                <Text
                  accessible={true}
                  allowFontScaling={true}
                  ellipsizeMode="tail"
                  style={
                    Object {
                      "fontSize": 15,
                      "fontWeight": "300",
                      "marginTop": 3,
                    }
                  }
                />
              </ColumnNB>
              <ColumnNB
                style={
                  Object {
                    "flex": 0.3,
                    "height": 100,
                  }
                }
              >
                <Styled(Thumbnail)
                  large={true}
                  source={
                    Object {
                      "uri": undefined,
                    }
                  }
                  virtual={undefined}
                />
              </ColumnNB>
            </GridNB>,
            <Text
              accessible={true}
              allowFontScaling={true}
              ellipsizeMode="tail"
              numberOfLines={7}
              style={
                Object {
                  "fontSize": 18,
                  "fontWeight": "200",
                  "lineHeight": 25,
                  "marginTop": 7,
                }
              }
            >
              Some vegetables
            </Text>,
          ],
          "style": Object {
            "marginLeft": 20,
            "marginRight": 20,
            "paddingTop": 10,
          },
          "virtual": undefined,
        },
        "ref": null,
        "rendered": Array [
          Object {
            "instance": null,
            "key": undefined,
            "nodeType": "class",
            "props": Object {
              "accessible": true,
              "allowFontScaling": true,
              "children": "Vegetable",
              "ellipsizeMode": "tail",
              "style": Object {
                "color": "#424242",
                "fontSize": 16,
                "fontWeight": "bold",
                "marginTop": 5,
              },
            },
            "ref": null,
            "rendered": "Vegetable",
            "type": [Function],
          },
          Object {
            "instance": null,
            "key": undefined,
            "nodeType": "class",
            "props": Object {
              "accessible": true,
              "allowFontScaling": true,
              "children": "Carrots",
              "ellipsizeMode": "tail",
              "style": Object {
                "color": "#424242",
                "fontSize": 30,
                "fontWeight": "bold",
                "marginTop": 0,
              },
            },
            "ref": null,
            "rendered": "Carrots",
            "type": [Function],
          },
          Object {
            "instance": null,
            "key": undefined,
            "nodeType": "class",
            "props": Object {
              "children": Array [
                <ColumnNB
                  style={
                    Object {
                      "flex": 0.1,
                      "height": 100,
                      "paddingTop": 19,
                    }
                  }
                >
                  <Styled(Icon)
                    name="person"
                    style={
                      Object {
                        "fontSize": 40,
                      }
                    }
                    virtual={undefined}
                  />
                </ColumnNB>,
                <ColumnNB
                  style={
                    Object {
                      "flex": 0.8,
                      "height": 100,
                      "marginLeft": 10,
                      "paddingTop": 20,
                    }
                  }
                >
                  <Text
                    accessible={true}
                    allowFontScaling={true}
                    ellipsizeMode="tail"
                    style={
                      Object {
                        "fontSize": 16,
                        "fontWeight": "300",
                      }
                    }
                  >
                    Marlon John Ynion
                  </Text>
                  <Text
                    accessible={true}
                    allowFontScaling={true}
                    ellipsizeMode="tail"
                    style={
                      Object {
                        "fontSize": 15,
                        "fontWeight": "300",
                        "marginTop": 3,
                      }
                    }
                  />
                </ColumnNB>,
                <ColumnNB
                  style={
                    Object {
                      "flex": 0.3,
                      "height": 100,
                    }
                  }
                >
                  <Styled(Thumbnail)
                    large={true}
                    source={
                      Object {
                        "uri": undefined,
                      }
                    }
                    virtual={undefined}
                  />
                </ColumnNB>,
              ],
              "style": Object {
                "marginBottom": 20,
                "marginTop": 20,
              },
            },
            "ref": null,
            "rendered": Array [
              Object {
                "instance": null,
                "key": undefined,
                "nodeType": "class",
                "props": Object {
                  "children": <Styled(Icon)
                    name="person"
                    style={
                      Object {
                        "fontSize": 40,
                      }
                    }
                    virtual={undefined}
                  />,
                  "style": Object {
                    "flex": 0.1,
                    "height": 100,
                    "paddingTop": 19,
                  },
                },
                "ref": null,
                "rendered": Object {
                  "instance": null,
                  "key": undefined,
                  "nodeType": "class",
                  "props": Object {
                    "name": "person",
                    "style": Object {
                      "fontSize": 40,
                    },
                    "virtual": undefined,
                  },
                  "ref": null,
                  "rendered": null,
                  "type": [Function],
                },
                "type": [Function],
              },
              Object {
                "instance": null,
                "key": undefined,
                "nodeType": "class",
                "props": Object {
                  "children": Array [
                    <Text
                      accessible={true}
                      allowFontScaling={true}
                      ellipsizeMode="tail"
                      style={
                        Object {
                          "fontSize": 16,
                          "fontWeight": "300",
                        }
                      }
                    >
                      Marlon John Ynion
                    </Text>,
                    <Text
                      accessible={true}
                      allowFontScaling={true}
                      ellipsizeMode="tail"
                      style={
                        Object {
                          "fontSize": 15,
                          "fontWeight": "300",
                          "marginTop": 3,
                        }
                      }
                    />,
                  ],
                  "style": Object {
                    "flex": 0.8,
                    "height": 100,
                    "marginLeft": 10,
                    "paddingTop": 20,
                  },
                },
                "ref": null,
                "rendered": Array [
                  Object {
                    "instance": null,
                    "key": undefined,
                    "nodeType": "class",
                    "props": Object {
                      "accessible": true,
                      "allowFontScaling": true,
                      "children": "Marlon John Ynion",
                      "ellipsizeMode": "tail",
                      "style": Object {
                        "fontSize": 16,
                        "fontWeight": "300",
                      },
                    },
                    "ref": null,
                    "rendered": "Marlon John Ynion",
                    "type": [Function],
                  },
                  Object {
                    "instance": null,
                    "key": undefined,
                    "nodeType": "class",
                    "props": Object {
                      "accessible": true,
                      "allowFontScaling": true,
                      "children": undefined,
                      "ellipsizeMode": "tail",
                      "style": Object {
                        "fontSize": 15,
                        "fontWeight": "300",
                        "marginTop": 3,
                      },
                    },
                    "ref": null,
                    "rendered": null,
                    "type": [Function],
                  },
                ],
                "type": [Function],
              },
              Object {
                "instance": null,
                "key": undefined,
                "nodeType": "class",
                "props": Object {
                  "children": <Styled(Thumbnail)
                    large={true}
                    source={
                      Object {
                        "uri": undefined,
                      }
                    }
                    virtual={undefined}
                  />,
                  "style": Object {
                    "flex": 0.3,
                    "height": 100,
                  },
                },
                "ref": null,
                "rendered": Object {
                  "instance": null,
                  "key": undefined,
                  "nodeType": "class",
                  "props": Object {
                    "large": true,
                    "source": Object {
                      "uri": undefined,
                    },
                    "virtual": undefined,
                  },
                  "ref": null,
                  "rendered": null,
                  "type": [Function],
                },
                "type": [Function],
              },
            ],
            "type": [Function],
          },
          Object {
            "instance": null,
            "key": undefined,
            "nodeType": "class",
            "props": Object {
              "accessible": true,
              "allowFontScaling": true,
              "children": "Some vegetables",
              "ellipsizeMode": "tail",
              "numberOfLines": 7,
              "style": Object {
                "fontSize": 18,
                "fontWeight": "200",
                "lineHeight": 25,
                "marginTop": 7,
              },
            },
            "ref": null,
            "rendered": "Some vegetables",
            "type": [Function],
          },
        ],
        "type": [Function],
      },
      Object {
        "instance": null,
        "key": undefined,
        "nodeType": "function",
        "props": Object {
          "product": Object {
            "productCategory": "Vegetable",
            "productDescription": "Some vegetables",
            "productOwner": "Marlon John Ynion",
            "productPrice": 5,
            "productRating": 5,
            "productTitle": "Carrots",
            "uri": "https://firebasestorage.googleapis.com/v0/b/marketsense-b09f8.appspot.com/o/products%2Fp0.png?alt=media&token=c305d51d-1b8b-4fbb-bd10-0c03a5c5805d",
          },
        },
        "ref": null,
        "rendered": null,
        "type": [Function],
      },
    ],
    "type": [Function],
  },
  Symbol(enzyme.__nodes__): Array [
    Object {
      "instance": null,
      "key": undefined,
      "nodeType": "class",
      "props": Object {
        "children": Array [
          <Image
            source={
              Object {
                "uri": undefined,
              }
            }
            style={
              Object {
                "height": 250,
                "width": null,
              }
            }
          />,
          <Styled(Content)
            style={
              Object {
                "marginLeft": 20,
                "marginRight": 20,
                "paddingTop": 10,
              }
            }
            virtual={undefined}
          >
            <Text
              accessible={true}
              allowFontScaling={true}
              ellipsizeMode="tail"
              style={
                Object {
                  "color": "#424242",
                  "fontSize": 16,
                  "fontWeight": "bold",
                  "marginTop": 5,
                }
              }
            >
              Vegetable
            </Text>
            <Text
              accessible={true}
              allowFontScaling={true}
              ellipsizeMode="tail"
              style={
                Object {
                  "color": "#424242",
                  "fontSize": 30,
                  "fontWeight": "bold",
                  "marginTop": 0,
                }
              }
            >
              Carrots
            </Text>
            <GridNB
              style={
                Object {
                  "marginBottom": 20,
                  "marginTop": 20,
                }
              }
            >
              <ColumnNB
                style={
                  Object {
                    "flex": 0.1,
                    "height": 100,
                    "paddingTop": 19,
                  }
                }
              >
                <Styled(Icon)
                  name="person"
                  style={
                    Object {
                      "fontSize": 40,
                    }
                  }
                  virtual={undefined}
                />
              </ColumnNB>
              <ColumnNB
                style={
                  Object {
                    "flex": 0.8,
                    "height": 100,
                    "marginLeft": 10,
                    "paddingTop": 20,
                  }
                }
              >
                <Text
                  accessible={true}
                  allowFontScaling={true}
                  ellipsizeMode="tail"
                  style={
                    Object {
                      "fontSize": 16,
                      "fontWeight": "300",
                    }
                  }
                >
                  Marlon John Ynion
                </Text>
                <Text
                  accessible={true}
                  allowFontScaling={true}
                  ellipsizeMode="tail"
                  style={
                    Object {
                      "fontSize": 15,
                      "fontWeight": "300",
                      "marginTop": 3,
                    }
                  }
                />
              </ColumnNB>
              <ColumnNB
                style={
                  Object {
                    "flex": 0.3,
                    "height": 100,
                  }
                }
              >
                <Styled(Thumbnail)
                  large={true}
                  source={
                    Object {
                      "uri": undefined,
                    }
                  }
                  virtual={undefined}
                />
              </ColumnNB>
            </GridNB>
            <Text
              accessible={true}
              allowFontScaling={true}
              ellipsizeMode="tail"
              numberOfLines={7}
              style={
                Object {
                  "fontSize": 18,
                  "fontWeight": "200",
                  "lineHeight": 25,
                  "marginTop": 7,
                }
              }
            >
              Some vegetables
            </Text>
          </Styled(Content)>,
          <ProductActionBar
            product={
              Object {
                "productCategory": "Vegetable",
                "productDescription": "Some vegetables",
                "productOwner": "Marlon John Ynion",
                "productPrice": 5,
                "productRating": 5,
                "productTitle": "Carrots",
                "uri": "https://firebasestorage.googleapis.com/v0/b/marketsense-b09f8.appspot.com/o/products%2Fp0.png?alt=media&token=c305d51d-1b8b-4fbb-bd10-0c03a5c5805d",
              }
            }
          />,
        ],
        "virtual": undefined,
      },
      "ref": null,
      "rendered": Array [
        Object {
          "instance": null,
          "key": undefined,
          "nodeType": "class",
          "props": Object {
            "source": Object {
              "uri": undefined,
            },
            "style": Object {
              "height": 250,
              "width": null,
            },
          },
          "ref": null,
          "rendered": null,
          "type": [Function],
        },
        Object {
          "instance": null,
          "key": undefined,
          "nodeType": "class",
          "props": Object {
            "children": Array [
              <Text
                accessible={true}
                allowFontScaling={true}
                ellipsizeMode="tail"
                style={
                  Object {
                    "color": "#424242",
                    "fontSize": 16,
                    "fontWeight": "bold",
                    "marginTop": 5,
                  }
                }
              >
                Vegetable
              </Text>,
              <Text
                accessible={true}
                allowFontScaling={true}
                ellipsizeMode="tail"
                style={
                  Object {
                    "color": "#424242",
                    "fontSize": 30,
                    "fontWeight": "bold",
                    "marginTop": 0,
                  }
                }
              >
                Carrots
              </Text>,
              <GridNB
                style={
                  Object {
                    "marginBottom": 20,
                    "marginTop": 20,
                  }
                }
              >
                <ColumnNB
                  style={
                    Object {
                      "flex": 0.1,
                      "height": 100,
                      "paddingTop": 19,
                    }
                  }
                >
                  <Styled(Icon)
                    name="person"
                    style={
                      Object {
                        "fontSize": 40,
                      }
                    }
                    virtual={undefined}
                  />
                </ColumnNB>
                <ColumnNB
                  style={
                    Object {
                      "flex": 0.8,
                      "height": 100,
                      "marginLeft": 10,
                      "paddingTop": 20,
                    }
                  }
                >
                  <Text
                    accessible={true}
                    allowFontScaling={true}
                    ellipsizeMode="tail"
                    style={
                      Object {
                        "fontSize": 16,
                        "fontWeight": "300",
                      }
                    }
                  >
                    Marlon John Ynion
                  </Text>
                  <Text
                    accessible={true}
                    allowFontScaling={true}
                    ellipsizeMode="tail"
                    style={
                      Object {
                        "fontSize": 15,
                        "fontWeight": "300",
                        "marginTop": 3,
                      }
                    }
                  />
                </ColumnNB>
                <ColumnNB
                  style={
                    Object {
                      "flex": 0.3,
                      "height": 100,
                    }
                  }
                >
                  <Styled(Thumbnail)
                    large={true}
                    source={
                      Object {
                        "uri": undefined,
                      }
                    }
                    virtual={undefined}
                  />
                </ColumnNB>
              </GridNB>,
              <Text
                accessible={true}
                allowFontScaling={true}
                ellipsizeMode="tail"
                numberOfLines={7}
                style={
                  Object {
                    "fontSize": 18,
                    "fontWeight": "200",
                    "lineHeight": 25,
                    "marginTop": 7,
                  }
                }
              >
                Some vegetables
              </Text>,
            ],
            "style": Object {
              "marginLeft": 20,
              "marginRight": 20,
              "paddingTop": 10,
            },
            "virtual": undefined,
          },
          "ref": null,
          "rendered": Array [
            Object {
              "instance": null,
              "key": undefined,
              "nodeType": "class",
              "props": Object {
                "accessible": true,
                "allowFontScaling": true,
                "children": "Vegetable",
                "ellipsizeMode": "tail",
                "style": Object {
                  "color": "#424242",
                  "fontSize": 16,
                  "fontWeight": "bold",
                  "marginTop": 5,
                },
              },
              "ref": null,
              "rendered": "Vegetable",
              "type": [Function],
            },
            Object {
              "instance": null,
              "key": undefined,
              "nodeType": "class",
              "props": Object {
                "accessible": true,
                "allowFontScaling": true,
                "children": "Carrots",
                "ellipsizeMode": "tail",
                "style": Object {
                  "color": "#424242",
                  "fontSize": 30,
                  "fontWeight": "bold",
                  "marginTop": 0,
                },
              },
              "ref": null,
              "rendered": "Carrots",
              "type": [Function],
            },
            Object {
              "instance": null,
              "key": undefined,
              "nodeType": "class",
              "props": Object {
                "children": Array [
                  <ColumnNB
                    style={
                      Object {
                        "flex": 0.1,
                        "height": 100,
                        "paddingTop": 19,
                      }
                    }
                  >
                    <Styled(Icon)
                      name="person"
                      style={
                        Object {
                          "fontSize": 40,
                        }
                      }
                      virtual={undefined}
                    />
                  </ColumnNB>,
                  <ColumnNB
                    style={
                      Object {
                        "flex": 0.8,
                        "height": 100,
                        "marginLeft": 10,
                        "paddingTop": 20,
                      }
                    }
                  >
                    <Text
                      accessible={true}
                      allowFontScaling={true}
                      ellipsizeMode="tail"
                      style={
                        Object {
                          "fontSize": 16,
                          "fontWeight": "300",
                        }
                      }
                    >
                      Marlon John Ynion
                    </Text>
                    <Text
                      accessible={true}
                      allowFontScaling={true}
                      ellipsizeMode="tail"
                      style={
                        Object {
                          "fontSize": 15,
                          "fontWeight": "300",
                          "marginTop": 3,
                        }
                      }
                    />
                  </ColumnNB>,
                  <ColumnNB
                    style={
                      Object {
                        "flex": 0.3,
                        "height": 100,
                      }
                    }
                  >
                    <Styled(Thumbnail)
                      large={true}
                      source={
                        Object {
                          "uri": undefined,
                        }
                      }
                      virtual={undefined}
                    />
                  </ColumnNB>,
                ],
                "style": Object {
                  "marginBottom": 20,
                  "marginTop": 20,
                },
              },
              "ref": null,
              "rendered": Array [
                Object {
                  "instance": null,
                  "key": undefined,
                  "nodeType": "class",
                  "props": Object {
                    "children": <Styled(Icon)
                      name="person"
                      style={
                        Object {
                          "fontSize": 40,
                        }
                      }
                      virtual={undefined}
                    />,
                    "style": Object {
                      "flex": 0.1,
                      "height": 100,
                      "paddingTop": 19,
                    },
                  },
                  "ref": null,
                  "rendered": Object {
                    "instance": null,
                    "key": undefined,
                    "nodeType": "class",
                    "props": Object {
                      "name": "person",
                      "style": Object {
                        "fontSize": 40,
                      },
                      "virtual": undefined,
                    },
                    "ref": null,
                    "rendered": null,
                    "type": [Function],
                  },
                  "type": [Function],
                },
                Object {
                  "instance": null,
                  "key": undefined,
                  "nodeType": "class",
                  "props": Object {
                    "children": Array [
                      <Text
                        accessible={true}
                        allowFontScaling={true}
                        ellipsizeMode="tail"
                        style={
                          Object {
                            "fontSize": 16,
                            "fontWeight": "300",
                          }
                        }
                      >
                        Marlon John Ynion
                      </Text>,
                      <Text
                        accessible={true}
                        allowFontScaling={true}
                        ellipsizeMode="tail"
                        style={
                          Object {
                            "fontSize": 15,
                            "fontWeight": "300",
                            "marginTop": 3,
                          }
                        }
                      />,
                    ],
                    "style": Object {
                      "flex": 0.8,
                      "height": 100,
                      "marginLeft": 10,
                      "paddingTop": 20,
                    },
                  },
                  "ref": null,
                  "rendered": Array [
                    Object {
                      "instance": null,
                      "key": undefined,
                      "nodeType": "class",
                      "props": Object {
                        "accessible": true,
                        "allowFontScaling": true,
                        "children": "Marlon John Ynion",
                        "ellipsizeMode": "tail",
                        "style": Object {
                          "fontSize": 16,
                          "fontWeight": "300",
                        },
                      },
                      "ref": null,
                      "rendered": "Marlon John Ynion",
                      "type": [Function],
                    },
                    Object {
                      "instance": null,
                      "key": undefined,
                      "nodeType": "class",
                      "props": Object {
                        "accessible": true,
                        "allowFontScaling": true,
                        "children": undefined,
                        "ellipsizeMode": "tail",
                        "style": Object {
                          "fontSize": 15,
                          "fontWeight": "300",
                          "marginTop": 3,
                        },
                      },
                      "ref": null,
                      "rendered": null,
                      "type": [Function],
                    },
                  ],
                  "type": [Function],
                },
                Object {
                  "instance": null,
                  "key": undefined,
                  "nodeType": "class",
                  "props": Object {
                    "children": <Styled(Thumbnail)
                      large={true}
                      source={
                        Object {
                          "uri": undefined,
                        }
                      }
                      virtual={undefined}
                    />,
                    "style": Object {
                      "flex": 0.3,
                      "height": 100,
                    },
                  },
                  "ref": null,
                  "rendered": Object {
                    "instance": null,
                    "key": undefined,
                    "nodeType": "class",
                    "props": Object {
                      "large": true,
                      "source": Object {
                        "uri": undefined,
                      },
                      "virtual": undefined,
                    },
                    "ref": null,
                    "rendered": null,
                    "type": [Function],
                  },
                  "type": [Function],
                },
              ],
              "type": [Function],
            },
            Object {
              "instance": null,
              "key": undefined,
              "nodeType": "class",
              "props": Object {
                "accessible": true,
                "allowFontScaling": true,
                "children": "Some vegetables",
                "ellipsizeMode": "tail",
                "numberOfLines": 7,
                "style": Object {
                  "fontSize": 18,
                  "fontWeight": "200",
                  "lineHeight": 25,
                  "marginTop": 7,
                },
              },
              "ref": null,
              "rendered": "Some vegetables",
              "type": [Function],
            },
          ],
          "type": [Function],
        },
        Object {
          "instance": null,
          "key": undefined,
          "nodeType": "function",
          "props": Object {
            "product": Object {
              "productCategory": "Vegetable",
              "productDescription": "Some vegetables",
              "productOwner": "Marlon John Ynion",
              "productPrice": 5,
              "productRating": 5,
              "productTitle": "Carrots",
              "uri": "https://firebasestorage.googleapis.com/v0/b/marketsense-b09f8.appspot.com/o/products%2Fp0.png?alt=media&token=c305d51d-1b8b-4fbb-bd10-0c03a5c5805d",
            },
          },
          "ref": null,
          "rendered": null,
          "type": [Function],
        },
      ],
      "type": [Function],
    },
  ],
  Symbol(enzyme.__options__): Object {
    "adapter": ReactSixteenAdapter {
      "options": Object {
        "enableComponentDidUpdateOnSetState": true,
      },
    },
  },
}
`;
